Microchip MPLAB XC8 Compiler V2.50

Linker command line:

-W-3 \
  --edf=C:\Program Files\Microchip\xc8\v2.50\pic\dat\20240725155939_en.msgs \
  -pivt0x8=08h -cn \
  -h+dist/default/production\Test_SensorPrint.X.production.sym \
  --cmf=dist/default/production\Test_SensorPrint.X.production.cmf -z \
  -Q18F57Q43 -oC:\Users\HUAWEI\AppData\Local\Temp\xcAsh7k.\driver_tmp_3.o \
  --defsym=__MPLAB_BUILD=1 --fixupoverflow=error \
  -Mdist/default/production/Test_SensorPrint.X.production.map \
  --md=C:\Users\HUAWEI\AppData\Local\Temp\xcAsh7k.\driver_tmp_0.dat -E1 \
  -ver=XC8 Compiler --acfsm=1493 -ACODE=00h-01FFFFh -ACONST=00h-01FFFFh \
  -ASMALLCONST=02600h-026FFhx474 \
  -AMEDIUMCONST=02600h-0FFFFh,012600h-01FFFFh -ACOMRAM=0501h-055Fh \
  -AABS1=0500h-024FFh -ABIGRAM=0501h-024FFh \
  -ARAM=0560h-05FFh,0600h-06FFhx31 -ABANK5=0560h-05FFh -ABANK6=0600h-06FFh \
  -ABANK7=0700h-07FFh -ABANK8=0800h-08FFh -ABANK9=0900h-09FFh \
  -ABANK10=0A00h-0AFFh -ABANK11=0B00h-0BFFh -ABANK12=0C00h-0CFFh \
  -ABANK13=0D00h-0DFFh -ABANK14=0E00h-0EFFh -ABANK15=0F00h-0FFFh \
  -ABANK16=01000h-010FFh -ABANK17=01100h-011FFh -ABANK18=01200h-012FFh \
  -ABANK19=01300h-013FFh -ABANK20=01400h-014FFh -ABANK21=01500h-015FFh \
  -ABANK22=01600h-016FFh -ABANK23=01700h-017FFh -ABANK24=01800h-018FFh \
  -ABANK25=01900h-019FFh -ABANK26=01A00h-01AFFh -ABANK27=01B00h-01BFFh \
  -ABANK28=01C00h-01CFFh -ABANK29=01D00h-01DFFh -ABANK30=01E00h-01EFFh \
  -ABANK31=01F00h-01FFFh -ABANK32=02000h-020FFh -ABANK33=02100h-021FFh \
  -ABANK34=02200h-022FFh -ABANK35=02300h-023FFh -ABANK36=02400h-024FFh \
  -ASFR=00h-0FFhx4,0400h-045Fh,0460h-04FFh,02500h-025FFh \
  -ABIGSFR=00h-04FFh,02500h-025FFh -ACONFIG=0300000h-0300011h \
  -AIDLOC=0200000h-020003Fh -AEEDATA=0380000h-03803FFh -peeprom_data=EEDATA \
  -preset_vec=00h -ppowerup=CODE,init -pramtop=02600h \
  -psmallconst=SMALLCONST -pmediumconst=MEDIUMCONST -pconst=CONST \
  -AFARRAM=00h-00h \
  -prdata=COMRAM,nvrram=COMRAM,nvbit=COMRAM,rbss=COMRAM,rbit=COMRAM \
  -pfarbss=FARRAM,fardata=FARRAM,nvFARRAM=FARRAM \
  -pintsave_regs=BIGRAM,bigbss=BIGRAM,bigdata=BIGRAM -pbss=RAM \
  -pidata=CODE,irdata=CODE,ibigdata=CODE,ifardata=CODE -prparam=COMRAM \
  C:\Users\HUAWEI\AppData\Local\Temp\xcAsh7k.\driver_tmp_14.o \
  dist/default/production\Test_SensorPrint.X.production.o 

Object code version is 3.11

Machine type is 18F57Q43



                Name                               Link     Load   Length Selector   Space Scale
C:\Users\HUAWEI\AppData\Local\Temp\xcAsh7k.\driver_tmp_14.o
                config                           300000   300000        A        0       4
                init                                 1A       1A        4        4       0
                reset_vec                             0        0        4        0       0
dist/default/production\Test_SensorPrint.X.production.o
                config                           300000   300000        A        0       4
                smallconst                         2600     2600       62     1300       0
                ivt0x8                                8        8       12        4       0
                text34                             36EE     36EE        4     1331       0
                text33                             36EA     36EA        4     1331       0
                text32                             3424     3424       46     1331       0
                text31                             350E     350E       2E     1331       0
                text30                             36E2     36E2        8     1331       0
                text29                             34DE     34DE       30     1331       0
                text28                             3378     3378       5E     1331       0
                text27                             3690     3690       14     1331       0
                text26                             367C     367C       14     1331       0
                text25                             36C0     36C0        E     1331       0
                text24                             36B2     36B2        E     1331       0
                text23                             36A4     36A4        E     1331       0
                text22                             346A     346A       40     1331       0
                text21                             326C     326C       9E     1331       0
                text20                             3590     3590       24     1331       0
                text19                             363C     363C       22     1331       0
                text18                             361A     361A       22     1331       0
                text17                             35F8     35F8       22     1331       0
                text16                             330A     330A       6E     1331       0
                text15                             36CE     36CE        C     1331       0
                text14                             35D6     35D6       22     1331       0
                text13                             2662     2662      426     1331       0
                text12                             2E34     2E34      106     1331       0
                text11                             2C80     2C80      1B4     1331       0
                text10                             30FC     30FC       C2     1331       0
                text9                              31BE     31BE       AE     1331       0
                text8                              34AA     34AA       34     1331       0
                text7                              3568     3568       28     1331       0
                text6                              36DA     36DA        8     1331       0
                text5                              365E     365E       1E     1331       0
                text4                              3032     3032       CA     1331       0
                text3                              2A88     2A88      1F8     1331       0
                text2                              33D6     33D6       4E     1331       0
                text1                              35B4     35B4       22     1331       0
                text0                              2F3A     2F3A       F8     1331       0
                cstackCOMRAM                        501      501       37      501       1
                bssBANK5                            560      560       20      560       1
                bssCOMRAM                           538      538       20      501       1
                cinit                              353C     353C       2C     1331       0
                nvCOMRAM                            558      558        3      501       1

TOTAL           Name                               Link     Load   Length     Space
        CLASS   CODE           
                init                                 1A       1A        4         0
                reset_vec                             0        0        4         0
                ivt0x8                                8        8       12         0
                text34                             36EE     36EE        4         0
                text33                             36EA     36EA        4         0
                text32                             3424     3424       46         0
                text31                             350E     350E       2E         0
                text30                             36E2     36E2        8         0
                text29                             34DE     34DE       30         0
                text28                             3378     3378       5E         0
                text27                             3690     3690       14         0
                text26                             367C     367C       14         0
                text25                             36C0     36C0        E         0
                text24                             36B2     36B2        E         0
                text23                             36A4     36A4        E         0
                text22                             346A     346A       40         0
                text21                             326C     326C       9E         0
                text20                             3590     3590       24         0
                text19                             363C     363C       22         0
                text18                             361A     361A       22         0
                text17                             35F8     35F8       22         0
                text16                             330A     330A       6E         0
                text15                             36CE     36CE        C         0
                text14                             35D6     35D6       22         0
                text13                             2662     2662      426         0
                text12                             2E34     2E34      106         0
                text11                             2C80     2C80      1B4         0
                text10                             30FC     30FC       C2         0
                text9                              31BE     31BE       AE         0
                text8                              34AA     34AA       34         0
                text7                              3568     3568       28         0
                text6                              36DA     36DA        8         0
                text5                              365E     365E       1E         0
                text4                              3032     3032       CA         0
                text3                              2A88     2A88      1F8         0
                text2                              33D6     33D6       4E         0
                text1                              35B4     35B4       22         0
                text0                              2F3A     2F3A       F8         0
                cinit                              353C     353C       2C         0

        CLASS   CONST          

        CLASS   SMALLCONST     
                smallconst                         2600     2600       62         0

        CLASS   MEDIUMCONST    

        CLASS   COMRAM         
                cstackCOMRAM                        501      501       37         1
                bssCOMRAM                           538      538       20         1
                nvCOMRAM                            558      558        3         1

        CLASS   ABS1           

        CLASS   BIGRAM         

        CLASS   RAM            

        CLASS   BANK5          
                bssBANK5                            560      560       20         1

        CLASS   BANK6          

        CLASS   BANK7          

        CLASS   BANK8          

        CLASS   BANK9          

        CLASS   BANK10         

        CLASS   BANK11         

        CLASS   BANK12         

        CLASS   BANK13         

        CLASS   BANK14         

        CLASS   BANK15         

        CLASS   BANK16         

        CLASS   BANK17         

        CLASS   BANK18         

        CLASS   BANK19         

        CLASS   BANK20         

        CLASS   BANK21         

        CLASS   BANK22         

        CLASS   BANK23         

        CLASS   BANK24         

        CLASS   BANK25         

        CLASS   BANK26         

        CLASS   BANK27         

        CLASS   BANK28         

        CLASS   BANK29         

        CLASS   BANK30         

        CLASS   BANK31         

        CLASS   BANK32         

        CLASS   BANK33         

        CLASS   BANK34         

        CLASS   BANK35         

        CLASS   BANK36         

        CLASS   SFR            

        CLASS   BIGSFR         

        CLASS   CONFIG         
                config                           300000   300000        A         4

        CLASS   IDLOC          

        CLASS   EEDATA         

        CLASS   FARRAM         

        CLASS   HEAP           

        CLASS   STACK          



SEGMENTS        Name                           Load    Length   Top    Selector   Space  Class

                reset_vec                      000000  000004  000004         0       0  CODE    
                ivt0x8                         000008  000016  00001E         4       0  CODE    
                cstackCOMRAM                   000501  00005A  00055B       501       1  COMRAM  
                bssBANK5                       000560  000020  000580       560       1  BANK5   
                smallconst                     002600  000062  002662      1300       0  SMALLCON
                text13                         002662  001090  0036F2      1331       0  CODE    


UNUSED ADDRESS RANGES

        Name                Unused          Largest block    Delta
        BANK10           000A00-000AFF              100
        BANK11           000B00-000BFF              100
        BANK12           000C00-000CFF              100
        BANK13           000D00-000DFF              100
        BANK14           000E00-000EFF              100
        BANK15           000F00-000FFF              100
        BANK16           001000-0010FF              100
        BANK17           001100-0011FF              100
        BANK18           001200-0012FF              100
        BANK19           001300-0013FF              100
        BANK20           001400-0014FF              100
        BANK21           001500-0015FF              100
        BANK22           001600-0016FF              100
        BANK23           001700-0017FF              100
        BANK24           001800-0018FF              100
        BANK25           001900-0019FF              100
        BANK26           001A00-001AFF              100
        BANK27           001B00-001BFF              100
        BANK28           001C00-001CFF              100
        BANK29           001D00-001DFF              100
        BANK30           001E00-001EFF              100
        BANK31           001F00-001FFF              100
        BANK32           002000-0020FF              100
        BANK33           002100-0021FF              100
        BANK34           002200-0022FF              100
        BANK35           002300-0023FF              100
        BANK36           002400-0024FF              100
        BANK5            000580-0005FF               80
        BANK6            000600-0006FF              100
        BANK7            000700-0007FF              100
        BANK8            000800-0008FF              100
        BANK9            000900-0009FF              100
        BIGRAM           00055B-00055F                5
                         000580-0024FF             1F80
        BIGSFR           000000-0004FF              500
                         002500-0025FF              100
        CODE             000004-000007                4
                         00001E-0025FF             25E2
                         0036F2-01FFFF            1C90E
        COMRAM           00055B-00055F                5
        CONFIG           30000A-300011                8
        CONST            000004-000007                4
                         00001E-0025FF             25E2
                         0036F2-01FFFF            1C90E
        EEDATA           380000-3803FF              400
        IDLOC            200000-20003F               40
        MEDIUMCONST      0036F2-00FFFF             C90E
                         012600-01FFFF             DA00
        RAM              000580-0024FF              100
        SFR              000000-0004FF              100
                         002500-0025FF              100
        SMALLCONST       0036F2-01FFFF              100

                                  Symbol Table

?_ADC_ChannelSelectAndConvert                      cstackCOMRAM 000501
?___awdiv                                          cstackCOMRAM 000501
?___awmod                                          cstackCOMRAM 000501
?___flmul                                          cstackCOMRAM 00050F
?___fltol                                          cstackCOMRAM 000528
?___xxtofl                                         cstackCOMRAM 000501
?_abs                                              cstackCOMRAM 000507
?_printf                                           cstackCOMRAM 000521
?_vfprintf                                         cstackCOMRAM 00051B
ADC_ChannelSelectAndConvert@channel                cstackCOMRAM 000505
CCP1_LoadDutyValue@dutyValue                       cstackCOMRAM 000532
INT0_SetInterruptHandler@InterruptHandler          cstackCOMRAM 000501
INT1_SetInterruptHandler@InterruptHandler          cstackCOMRAM 000501
INT2_SetInterruptHandler@InterruptHandler          cstackCOMRAM 000501
IVTBASEH                                           (abs)        00045E
IVTBASEL                                           (abs)        00045D
IVTBASEU                                           (abs)        00045F
UART1_FramingErrorCallbackRegister@callbackHandler cstackCOMRAM 000501
UART1_OverrunErrorCallbackRegister@callbackHandler cstackCOMRAM 000501
UART1_ParityErrorCallbackRegister@callbackHandler  cstackCOMRAM 000501
UART1_Write@txData                                 cstackCOMRAM 000501
_ACTCON                                            (abs)        0000AC
_ADACCH                                            (abs)        0003E4
_ADACCL                                            (abs)        0003E3
_ADACCU                                            (abs)        0003E5
_ADACQH                                            (abs)        0003EF
_ADACQL                                            (abs)        0003EE
_ADACT                                             (abs)        0003F9
_ADCAP                                             (abs)        0003F0
_ADCLK                                             (abs)        0003FA
_ADCNT                                             (abs)        0003E6
_ADCON0                                            (abs)        0003F3
_ADCON0bits                                        (abs)        0003F3
_ADCON1                                            (abs)        0003F4
_ADCON1bits                                        (abs)        0003F4
_ADCON2                                            (abs)        0003F5
_ADCON2bits                                        (abs)        0003F5
_ADCON3                                            (abs)        0003F6
_ADCON3bits                                        (abs)        0003F6
_ADCP                                              (abs)        0003D8
_ADCPbits                                          (abs)        0003D8
_ADC_ChannelSelectAndConvert                       text31       00350E
_ADC_ConversionDoneCallback                        bssCOMRAM    00054D
_ADC_ISR                                           text34       0036EE
_ADC_Initialize                                    text28       003378
_ADC_SampleCapacitorDischarge                      text30       0036E2
_ADC_ThresholdCallback                             bssCOMRAM    00054A
_ADC_ThresholdISR                                  text33       0036EA
_ADERRH                                            (abs)        0003DE
_ADERRL                                            (abs)        0003DD
_ADFLTRH                                           (abs)        0003E2
_ADFLTRL                                           (abs)        0003E1
_ADLTHH                                            (abs)        0003DA
_ADLTHL                                            (abs)        0003D9
_ADPCH                                             (abs)        0003EC
_ADPREH                                            (abs)        0003F2
_ADPREL                                            (abs)        0003F1
_ADPREVH                                           (abs)        0003E9
_ADPREVL                                           (abs)        0003E8
_ADREF                                             (abs)        0003F8
_ADRESH                                            (abs)        0003EB
_ADRESL                                            (abs)        0003EA
_ADRPT                                             (abs)        0003E7
_ADSTAT                                            (abs)        0003F7
_ADSTATbits                                        (abs)        0003F7
_ADSTPTH                                           (abs)        0003E0
_ADSTPTL                                           (abs)        0003DF
_ADUTHH                                            (abs)        0003DC
_ADUTHL                                            (abs)        0003DB
_ANSELA                                            (abs)        000400
_ANSELB                                            (abs)        000408
_ANSELC                                            (abs)        000410
_ANSELD                                            (abs)        000418
_ANSELE                                            (abs)        000420
_ANSELF                                            (abs)        000428
_CCP1CON                                           (abs)        000342
_CCP1CONbits                                       (abs)        000342
_CCP1PPS                                           (abs)        00024F
_CCP1_Initialize                                   text27       003690
_CCP1_LoadDutyValue                                text29       0034DE
_CCPR1H                                            (abs)        000341
_CCPR1L                                            (abs)        000340
_CCPTMRS0bits                                      (abs)        00034C
_CLOCK_Initialize                                  text26       00367C
_INLVLA                                            (abs)        000404
_INLVLB                                            (abs)        00040C
_INLVLC                                            (abs)        000414
_INLVLD                                            (abs)        00041C
_INLVLE                                            (abs)        000424
_INLVLF                                            (abs)        00042C
_INT0_DefaultInterruptHandler                      (abs)        000000
_INT0_InterruptHandler                             bssCOMRAM    000547
_INT0_SetInterruptHandler                          text25       0036C0
_INT1_DefaultInterruptHandler                      (abs)        000000
_INT1_InterruptHandler                             bssCOMRAM    000544
_INT1_SetInterruptHandler                          text24       0036B2
_INT2_DefaultInterruptHandler                      (abs)        000000
_INT2_InterruptHandler                             bssCOMRAM    000541
_INT2_SetInterruptHandler                          text23       0036A4
_INTCON0bits                                       (abs)        0004D6
_INTERRUPT_Initialize                              text22       00346A
_INTERRUPT_InterruptManager                        text32       003424
_IOCAF                                             (abs)        000407
_IOCAN                                             (abs)        000406
_IOCAP                                             (abs)        000405
_IOCBF                                             (abs)        00040F
_IOCBN                                             (abs)        00040E
_IOCBP                                             (abs)        00040D
_IOCCF                                             (abs)        000417
_IOCCN                                             (abs)        000416
_IOCCP                                             (abs)        000415
_IOCEF                                             (abs)        000427
_IOCEN                                             (abs)        000426
_IOCEP                                             (abs)        000425
_LATA                                              (abs)        0004BE
_LATB                                              (abs)        0004BF
_LATBbits                                          (abs)        0004BF
_LATC                                              (abs)        0004C0
_LATD                                              (abs)        0004C1
_LATE                                              (abs)        0004C2
_LATF                                              (abs)        0004C3
_LATFbits                                          (abs)        0004C3
_ODCONA                                            (abs)        000402
_ODCONB                                            (abs)        00040A
_ODCONC                                            (abs)        000412
_ODCOND                                            (abs)        00041A
_ODCONE                                            (abs)        000422
_ODCONF                                            (abs)        00042A
_OSCCON1                                           (abs)        0000AD
_OSCCON3                                           (abs)        0000AF
_OSCEN                                             (abs)        0000B3
_OSCFRQ                                            (abs)        0000B1
_OSCTUNE                                           (abs)        0000B0
_PCON0                                             (abs)        0004F0
_PIE1bits                                          (abs)        00049F
_PIE2bits                                          (abs)        0004A0
_PIE3bits                                          (abs)        0004A1
_PIN_MANAGER_Initialize                            text21       00326C
_PIR10bits                                         (abs)        0004B8
_PIR1bits                                          (abs)        0004AF
_PIR2bits                                          (abs)        0004B0
_PIR3bits                                          (abs)        0004B1
_PIR6bits                                          (abs)        0004B4
_RB1I2C                                            (abs)        000289
_RB2I2C                                            (abs)        000288
_RC2PPS                                            (abs)        000213
_RC3I2C                                            (abs)        000287
_RC4I2C                                            (abs)        000286
_RF0PPS                                            (abs)        000229
_SLRCONA                                           (abs)        000403
_SLRCONB                                           (abs)        00040B
_SLRCONC                                           (abs)        000413
_SLRCOND                                           (abs)        00041B
_SLRCONE                                           (abs)        000423
_SLRCONF                                           (abs)        00042B
_SYSTEM_Initialize                                 text14       0035D6
_T2CLKCON                                          (abs)        000326
_T2CON                                             (abs)        000324
_T2CONbits                                         (abs)        000324
_T2HLT                                             (abs)        000325
_T2HLTbits                                         (abs)        000325
_T2PR                                              (abs)        000323
_T2RST                                             (abs)        000327
_T2RSTbits                                         (abs)        000327
_T2TMR                                             (abs)        000322
_TMR2_DefaultPeriodMatchCallback                   (abs)        000000
_TMR2_Initialize                                   text20       003590
_TMR2_PeriodMatchCallback                          nvCOMRAM     000558
_TRISA                                             (abs)        0004C6
_TRISB                                             (abs)        0004C7
_TRISC                                             (abs)        0004C8
_TRISD                                             (abs)        0004C9
_TRISE                                             (abs)        0004CA
_TRISF                                             (abs)        0004CB
_U1BRGH                                            (abs)        0002AF
_U1BRGL                                            (abs)        0002AE
_U1CON0                                            (abs)        0002AB
_U1CON0bits                                        (abs)        0002AB
_U1CON1                                            (abs)        0002AC
_U1CON1bits                                        (abs)        0002AC
_U1CON2                                            (abs)        0002AD
_U1ERRIE                                           (abs)        0002B3
_U1ERRIR                                           (abs)        0002B2
_U1ERRIRbits                                       (abs)        0002B2
_U1FIFO                                            (abs)        0002B0
_U1FIFObits                                        (abs)        0002B0
_U1P1H                                             (abs)        0002A6
_U1P1L                                             (abs)        0002A5
_U1P2H                                             (abs)        0002A8
_U1P2L                                             (abs)        0002A7
_U1P3H                                             (abs)        0002AA
_U1P3L                                             (abs)        0002A9
_U1RXB                                             (abs)        0002A1
_U1RXCHK                                           (abs)        0002A2
_U1RXPPS                                           (abs)        000272
_U1TXB                                             (abs)        0002A3
_U1TXCHK                                           (abs)        0002A4
_U1UIR                                             (abs)        0002B1
_U1UIRbits                                         (abs)        0002B1
_UART1                                             smallconst   002601
_UART1_AutoBaudQuery                               (abs)        000000
_UART1_AutoBaudSet                                 (abs)        000000
_UART1_DefaultFramingErrorCallback                 (abs)        000000
_UART1_DefaultOverrunErrorCallback                 (abs)        000000
_UART1_DefaultParityErrorCallback                  (abs)        000000
_UART1_Deinitialize                                (abs)        000000
_UART1_ErrorGet                                    (abs)        000000
_UART1_FramingErrorCallbackRegister                text19       00363C
_UART1_FramingErrorHandler                         bssCOMRAM    00053E
_UART1_Initialize                                  text16       00330A
_UART1_IsRxReady                                   (abs)        000000
_UART1_IsTxDone                                    (abs)        000000
_UART1_IsTxReady                                   text7        003568
_UART1_IsTxReady$1521                              cstackCOMRAM 000501
_UART1_OverrunErrorCallbackRegister                text18       00361A
_UART1_OverrunErrorHandler                         bssCOMRAM    00053B
_UART1_ParityErrorCallbackRegister                 text17       0035F8
_UART1_ParityErrorHandler                          bssCOMRAM    000538
_UART1_Read                                        (abs)        000000
_UART1_TransmitDisable                             (abs)        000000
_UART1_TransmitEnable                              (abs)        000000
_UART1_Write                                       text6        0036DA
_WDTCON0                                           (abs)        000078
_WDTCON1                                           (abs)        000079
_WPUA                                              (abs)        000401
_WPUB                                              (abs)        000409
_WPUC                                              (abs)        000411
_WPUD                                              (abs)        000419
_WPUE                                              (abs)        000421
_WPUF                                              (abs)        000429
_WWDT_Initialize                                   text15       0036CE
__HRAM                                             (abs)        000000
__H__absolute__                                    __absolute__ 000000
__Habs1                                            abs1         000000
__Hbank10                                          bank10       000000
__Hbank11                                          bank11       000000
__Hbank12                                          bank12       000000
__Hbank13                                          bank13       000000
__Hbank14                                          bank14       000000
__Hbank15                                          bank15       000000
__Hbank16                                          bank16       000000
__Hbank17                                          bank17       000000
__Hbank18                                          bank18       000000
__Hbank19                                          bank19       000000
__Hbank20                                          bank20       000000
__Hbank21                                          bank21       000000
__Hbank22                                          bank22       000000
__Hbank23                                          bank23       000000
__Hbank24                                          bank24       000000
__Hbank25                                          bank25       000000
__Hbank26                                          bank26       000000
__Hbank27                                          bank27       000000
__Hbank28                                          bank28       000000
__Hbank29                                          bank29       000000
__Hbank30                                          bank30       000000
__Hbank31                                          bank31       000000
__Hbank32                                          bank32       000000
__Hbank33                                          bank33       000000
__Hbank34                                          bank34       000000
__Hbank35                                          bank35       000000
__Hbank36                                          bank36       000000
__Hbank5                                           bank5        000000
__Hbank6                                           bank6        000000
__Hbank7                                           bank7        000000
__Hbank8                                           bank8        000000
__Hbank9                                           bank9        000000
__Hbigbss                                          bigbss       000000
__Hbigdata                                         bigdata      000000
__Hbigram                                          bigram       000000
__Hbigsfr                                          bigsfr       000000
__Hbss                                             bss          000000
__HbssBANK5                                        bssBANK5     000000
__HbssCOMRAM                                       bssCOMRAM    000000
__Hcinit                                           cinit        000000
__Hclrtext                                         clrtext      000000
__Hcomram                                          comram       000000
__Hconfig                                          config       30000A
__Hconst                                           const        000000
__HcstackCOMRAM                                    cstackCOMRAM 000000
__Hdata                                            data         000000
__Heeprom_data                                     eeprom_data  000000
__Hfarbss                                          farbss       000000
__Hfardata                                         fardata      000000
__Hheap                                            heap         000000
__Hibigdata                                        ibigdata     000000
__Hidata                                           idata        000000
__Hidloc                                           idloc        000000
__Hifardata                                        ifardata     000000
__Hinit                                            init         00001E
__Hintsave_regs                                    intsave_regs 000000
__Hirdata                                          irdata       000000
__Hivt0x8                                          ivt0x8       00001A
__Hmediumconst                                     mediumconst  000000
__HnvCOMRAM                                        nvCOMRAM     000000
__HnvFARRAM                                        nvFARRAM     000000
__Hnvbit                                           nvbit        000000
__Hnvrram                                          nvrram       000000
__Hparam                                           rparam       000000
__Hpowerup                                         powerup      000000
__Hram                                             ram          000000
__Hramtop                                          ramtop       002600
__Hrbit                                            rbit         000000
__Hrbss                                            rbss         000000
__Hrdata                                           rdata        000000
__Hreset_vec                                       reset_vec    000004
__Hrparam                                          rparam       000000
__Hsfr                                             sfr          000000
__Hsmallconst                                      smallconst   002662
__Hspace_0                                         (abs)        0036F2
__Hspace_1                                         (abs)        000580
__Hspace_2                                         (abs)        000000
__Hspace_4                                         (abs)        60000A
__Hstack                                           stack        000000
__Hstruct                                          struct       000000
__Htemp                                            temp         000000
__Htext                                            text         000000
__Htext0                                           text0        000000
__Htext1                                           text1        000000
__Htext10                                          text10       000000
__Htext11                                          text11       000000
__Htext12                                          text12       000000
__Htext13                                          text13       000000
__Htext14                                          text14       000000
__Htext15                                          text15       000000
__Htext16                                          text16       000000
__Htext17                                          text17       000000
__Htext18                                          text18       000000
__Htext19                                          text19       000000
__Htext2                                           text2        000000
__Htext20                                          text20       000000
__Htext21                                          text21       000000
__Htext22                                          text22       000000
__Htext23                                          text23       000000
__Htext24                                          text24       000000
__Htext25                                          text25       000000
__Htext26                                          text26       000000
__Htext27                                          text27       000000
__Htext28                                          text28       000000
__Htext29                                          text29       000000
__Htext3                                           text3        000000
__Htext30                                          text30       000000
__Htext31                                          text31       000000
__Htext32                                          text32       000000
__Htext33                                          text33       000000
__Htext34                                          text34       000000
__Htext4                                           text4        000000
__Htext5                                           text5        000000
__Htext6                                           text6        000000
__Htext7                                           text7        000000
__Htext8                                           text8        000000
__Htext9                                           text9        000000
__LRAM                                             (abs)        000001
__L__absolute__                                    __absolute__ 000000
__Labs1                                            abs1         000000
__Lbank10                                          bank10       000000
__Lbank11                                          bank11       000000
__Lbank12                                          bank12       000000
__Lbank13                                          bank13       000000
__Lbank14                                          bank14       000000
__Lbank15                                          bank15       000000
__Lbank16                                          bank16       000000
__Lbank17                                          bank17       000000
__Lbank18                                          bank18       000000
__Lbank19                                          bank19       000000
__Lbank20                                          bank20       000000
__Lbank21                                          bank21       000000
__Lbank22                                          bank22       000000
__Lbank23                                          bank23       000000
__Lbank24                                          bank24       000000
__Lbank25                                          bank25       000000
__Lbank26                                          bank26       000000
__Lbank27                                          bank27       000000
__Lbank28                                          bank28       000000
__Lbank29                                          bank29       000000
__Lbank30                                          bank30       000000
__Lbank31                                          bank31       000000
__Lbank32                                          bank32       000000
__Lbank33                                          bank33       000000
__Lbank34                                          bank34       000000
__Lbank35                                          bank35       000000
__Lbank36                                          bank36       000000
__Lbank5                                           bank5        000000
__Lbank6                                           bank6        000000
__Lbank7                                           bank7        000000
__Lbank8                                           bank8        000000
__Lbank9                                           bank9        000000
__Lbigbss                                          bigbss       000000
__Lbigdata                                         bigdata      000000
__Lbigram                                          bigram       000000
__Lbigsfr                                          bigsfr       000000
__Lbss                                             bss          000000
__LbssBANK5                                        bssBANK5     000000
__LbssCOMRAM                                       bssCOMRAM    000000
__Lcinit                                           cinit        000000
__Lclrtext                                         clrtext      000000
__Lcomram                                          comram       000000
__Lconfig                                          config       000000
__Lconst                                           const        000000
__LcstackCOMRAM                                    cstackCOMRAM 000000
__Ldata                                            data         000000
__Leeprom_data                                     eeprom_data  000000
__Lfarbss                                          farbss       000000
__Lfardata                                         fardata      000000
__Lheap                                            heap         000000
__Libigdata                                        ibigdata     000000
__Lidata                                           idata        000000
__Lidloc                                           idloc        000000
__Lifardata                                        ifardata     000000
__Linit                                            init         00001A
__Lintsave_regs                                    intsave_regs 000000
__Lirdata                                          irdata       000000
__Livt0x8                                          ivt0x8       000008
__Lmediumconst                                     mediumconst  000000
__LnvCOMRAM                                        nvCOMRAM     000000
__LnvFARRAM                                        nvFARRAM     000000
__Lnvbit                                           nvbit        000000
__Lnvrram                                          nvrram       000000
__Lparam                                           rparam       000000
__Lpowerup                                         powerup      000000
__Lram                                             ram          000000
__Lramtop                                          ramtop       002600
__Lrbit                                            rbit         000000
__Lrbss                                            rbss         000000
__Lrdata                                           rdata        000000
__Lreset_vec                                       reset_vec    000000
__Lrparam                                          rparam       000000
__Lsfr                                             sfr          000000
__Lsmallconst                                      smallconst   002600
__Lspace_0                                         (abs)        000000
__Lspace_1                                         (abs)        000000
__Lspace_2                                         (abs)        000000
__Lspace_4                                         (abs)        000000
__Lstack                                           stack        000000
__Lstruct                                          struct       000000
__Ltemp                                            temp         000000
__Ltext                                            text         000000
__Ltext0                                           text0        000000
__Ltext1                                           text1        000000
__Ltext10                                          text10       000000
__Ltext11                                          text11       000000
__Ltext12                                          text12       000000
__Ltext13                                          text13       000000
__Ltext14                                          text14       000000
__Ltext15                                          text15       000000
__Ltext16                                          text16       000000
__Ltext17                                          text17       000000
__Ltext18                                          text18       000000
__Ltext19                                          text19       000000
__Ltext2                                           text2        000000
__Ltext20                                          text20       000000
__Ltext21                                          text21       000000
__Ltext22                                          text22       000000
__Ltext23                                          text23       000000
__Ltext24                                          text24       000000
__Ltext25                                          text25       000000
__Ltext26                                          text26       000000
__Ltext27                                          text27       000000
__Ltext28                                          text28       000000
__Ltext29                                          text29       000000
__Ltext3                                           text3        000000
__Ltext30                                          text30       000000
__Ltext31                                          text31       000000
__Ltext32                                          text32       000000
__Ltext33                                          text33       000000
__Ltext34                                          text34       000000
__Ltext4                                           text4        000000
__Ltext5                                           text5        000000
__Ltext6                                           text6        000000
__Ltext7                                           text7        000000
__Ltext8                                           text8        000000
__Ltext9                                           text9        000000
__S0                                               (abs)        0036F2
__S1                                               (abs)        000580
__S4                                               (abs)        000000
__S5                                               (abs)        000000
___awdiv                                           text10       0030FC
___awdiv@counter                                   cstackCOMRAM 000505
___awdiv@dividend                                  cstackCOMRAM 000501
___awdiv@divisor                                   cstackCOMRAM 000503
___awdiv@quotient                                  cstackCOMRAM 000507
___awdiv@sign                                      cstackCOMRAM 000506
___awmod                                           text9        0031BE
___awmod@counter                                   cstackCOMRAM 000505
___awmod@dividend                                  cstackCOMRAM 000501
___awmod@divisor                                   cstackCOMRAM 000503
___awmod@sign                                      cstackCOMRAM 000506
___flmul                                           text13       002662
___flmul@a                                         cstackCOMRAM 000513
___flmul@aexp                                      cstackCOMRAM 000520
___flmul@b                                         cstackCOMRAM 00050F
___flmul@bexp                                      cstackCOMRAM 000521
___flmul@grs                                       cstackCOMRAM 00051C
___flmul@prod                                      cstackCOMRAM 000522
___flmul@sign                                      cstackCOMRAM 00051B
___flmul@temp                                      cstackCOMRAM 000526
___fltol                                           text12       002E34
___fltol@exp1                                      cstackCOMRAM 000531
___fltol@f1                                        cstackCOMRAM 000528
___fltol@sign1                                     cstackCOMRAM 000530
___heap_hi                                         (abs)        000000
___heap_lo                                         (abs)        000000
___inthi_sp                                        stack        000000
___inthi_stack_hi                                  stack        000000
___inthi_stack_lo                                  stack        000000
___intlo_sp                                        stack        000000
___intlo_stack_hi                                  stack        000000
___intlo_stack_lo                                  stack        000000
___param_bank                                      (abs)        000000
___rparam_used                                     (abs)        000001
___sp                                              stack        000000
___stack_hi                                        stack        000000
___stack_lo                                        stack        000000
___xxtofl                                          text11       002C80
___xxtofl@arg                                      cstackCOMRAM 00050B
___xxtofl@exp                                      cstackCOMRAM 00050A
___xxtofl@sign                                     cstackCOMRAM 000509
___xxtofl@val                                      cstackCOMRAM 000501
__accesstop                                        (abs)        000560
__activetblptr                                     (abs)        000003
__end_of_ADC_ChannelSelectAndConvert               text31       00353C
__end_of_ADC_ISR                                   text34       0036F2
__end_of_ADC_Initialize                            text28       0033D6
__end_of_ADC_SampleCapacitorDischarge              text30       0036EA
__end_of_ADC_ThresholdISR                          text33       0036EE
__end_of_CCP1_Initialize                           text27       0036A4
__end_of_CCP1_LoadDutyValue                        text29       00350E
__end_of_CLOCK_Initialize                          text26       003690
__end_of_INT0_SetInterruptHandler                  text25       0036CE
__end_of_INT1_SetInterruptHandler                  text24       0036C0
__end_of_INT2_SetInterruptHandler                  text23       0036B2
__end_of_INTERRUPT_Initialize                      text22       0034AA
__end_of_INTERRUPT_InterruptManager                text32       00346A
__end_of_PIN_MANAGER_Initialize                    text21       00330A
__end_of_SYSTEM_Initialize                         text14       0035F8
__end_of_TMR2_Initialize                           text20       0035B4
__end_of_UART1                                     smallconst   002649
__end_of_UART1_FramingErrorCallbackRegister        text19       00365E
__end_of_UART1_Initialize                          text16       003378
__end_of_UART1_IsTxReady                           text7        003590
__end_of_UART1_OverrunErrorCallbackRegister        text18       00363C
__end_of_UART1_ParityErrorCallbackRegister         text17       00361A
__end_of_UART1_Write                               text6        0036E2
__end_of_WWDT_Initialize                           text15       0036DA
__end_of___awdiv                                   text10       0031BE
__end_of___awmod                                   text9        00326C
__end_of___flmul                                   text13       002A88
__end_of___fltol                                   text12       002F3A
__end_of___xxtofl                                  text11       002E34
__end_of__initialization                           cinit        003562
__end_of_abs                                       text8        0034DE
__end_of_fputc                                     text4        0030FC
__end_of_main                                      text0        003032
__end_of_printf                                    text1        0035D6
__end_of_putch                                     text5        00367C
__end_of_vfpfcnvrt                                 text3        002C80
__end_of_vfprintf                                  text2        003424
__initialization                                   cinit        00353C
__mediumconst                                      mediumconst  000000
__pbssBANK5                                        bssBANK5     000560
__pbssCOMRAM                                       bssCOMRAM    000538
__pcinit                                           cinit        00353C
__pcstackCOMRAM                                    cstackCOMRAM 000501
__pivt0x8                                          ivt0x8       000008
__pnvCOMRAM                                        nvCOMRAM     000558
__psmallconst                                      smallconst   002600
__ptext0                                           text0        002F3A
__ptext1                                           text1        0035B4
__ptext10                                          text10       0030FC
__ptext11                                          text11       002C80
__ptext12                                          text12       002E34
__ptext13                                          text13       002662
__ptext14                                          text14       0035D6
__ptext15                                          text15       0036CE
__ptext16                                          text16       00330A
__ptext17                                          text17       0035F8
__ptext18                                          text18       00361A
__ptext19                                          text19       00363C
__ptext2                                           text2        0033D6
__ptext20                                          text20       003590
__ptext21                                          text21       00326C
__ptext22                                          text22       00346A
__ptext23                                          text23       0036A4
__ptext24                                          text24       0036B2
__ptext25                                          text25       0036C0
__ptext26                                          text26       00367C
__ptext27                                          text27       003690
__ptext28                                          text28       003378
__ptext29                                          text29       0034DE
__ptext3                                           text3        002A88
__ptext30                                          text30       0036E2
__ptext31                                          text31       00350E
__ptext32                                          text32       003424
__ptext33                                          text33       0036EA
__ptext34                                          text34       0036EE
__ptext4                                           text4        003032
__ptext5                                           text5        00365E
__ptext6                                           text6        0036DA
__ptext7                                           text7        003568
__ptext8                                           text8        0034AA
__ptext9                                           text9        0031BE
__ramtop                                           ramtop       002600
__smallconst                                       smallconst   002600
_abs                                               text8        0034AA
_adc_busy_status                                   bssCOMRAM    000557
_dbuf                                              bssBANK5     000560
_flags                                             bssCOMRAM    000556
_fputc                                             text4        003032
_main                                              text0        002F3A
_prec                                              bssCOMRAM    000552
_printf                                            text1        0035B4
_putch                                             text5        00365E
_uart1RxLastError                                  bssCOMRAM    000554
_vfpfcnvrt                                         text3        002A88
_vfprintf                                          text2        0033D6
_width                                             bssCOMRAM    000550
abs@a                                              cstackCOMRAM 000507
end_of_initialization                              cinit        003562
fputc@c                                            cstackCOMRAM 000503
fputc@fp                                           cstackCOMRAM 000505
intlevel0                                          text         000000
intlevel1                                          text         000000
intlevel2                                          text         000000
intlevel3                                          text         000000
isa$std                                            (abs)        000001
isa$xinst                                          (abs)        000000
ivt0x8_base                                        ivt0x8       000008
main@adcResult                                     cstackCOMRAM 000536
printf@ap                                          cstackCOMRAM 000524
printf@fmt                                         cstackCOMRAM 000521
putch@txData                                       cstackCOMRAM 000502
stackhi                                            (abs)        000000
stacklo                                            (abs)        000000
start                                              init         00001A
start_initialization                               cinit        00353C
vfpfcnvrt@ap                                       cstackCOMRAM 000510
vfpfcnvrt@c                                        cstackCOMRAM 00051A
vfpfcnvrt@convarg                                  cstackCOMRAM 000516
vfpfcnvrt@cp                                       cstackCOMRAM 000515
vfpfcnvrt@done                                     cstackCOMRAM 000514
vfpfcnvrt@fmt                                      cstackCOMRAM 00050E
vfpfcnvrt@fp                                       cstackCOMRAM 00050C
vfprintf@ap                                        cstackCOMRAM 00051E
vfprintf@cfmt                                      cstackCOMRAM 000520
vfprintf@fmt                                       cstackCOMRAM 00051D
vfprintf@fp                                        cstackCOMRAM 00051B


MODULE INFORMATION

Module		Function		Class		Link	Load	Size
mcc_generated_files/system/src/watchdog.c
		_WWDT_Initialize		CODE           	36CE	0000	12

mcc_generated_files/system/src/watchdog.c estimated size: 12

C:\Program Files\Microchip\xc8\v2.50\pic\sources\c99\common\sprcmul.c
		___flmul       		CODE           	2662	0000	1062

C:\Program Files\Microchip\xc8\v2.50\pic\sources\c99\common\sprcmul.c estimated size: 1062

C:\Program Files\Microchip\xc8\v2.50\pic\sources\c99\common\printf.c
		_printf        		CODE           	35B4	0000	34

C:\Program Files\Microchip\xc8\v2.50\pic\sources\c99\common\printf.c estimated size: 34

mcc_generated_files/system/src/interrupt.c
		_INT0_SetInterruptHandler		CODE           	36C0	0000	14
		_INT1_SetInterruptHandler		CODE           	36B2	0000	14
		_INT2_SetInterruptHandler		CODE           	36A4	0000	14
		_INTERRUPT_Initialize		CODE           	346A	0000	64
		_INTERRUPT_InterruptManager		CODE           	3424	0000	70

mcc_generated_files/system/src/interrupt.c estimated size: 176

C:\Program Files\Microchip\xc8\v2.50\pic\sources\c99\common\awmod.c
		___awmod       		CODE           	31BE	0000	174

C:\Program Files\Microchip\xc8\v2.50\pic\sources\c99\common\awmod.c estimated size: 174

C:\Program Files\Microchip\xc8\v2.50\pic\sources\c99\common\abs.c
		_abs           		CODE           	34AA	0000	52

C:\Program Files\Microchip\xc8\v2.50\pic\sources\c99\common\abs.c estimated size: 52

mcc_generated_files/adc/src/adc.c
		_ADC_SampleCapacitorDischarge		CODE           	36E2	0000	8
		_ADC_Initialize		CODE           	3378	0000	94
		_ADC_ChannelSelectAndConvert		CODE           	350E	0000	46
		_ADC_ISR       		CODE           	36EE	0000	4
		_ADC_ThresholdISR		CODE           	36EA	0000	4

mcc_generated_files/adc/src/adc.c estimated size: 156

mcc_generated_files/uart/src/uart1.c
		_UART1_IsTxReady		CODE           	3568	0000	40
		_UART1_Write   		CODE           	36DA	0000	8
		_putch         		CODE           	365E	0000	30
		_UART1_FramingErrorCallbackRegister		CODE           	363C	0000	34
		_UART1_OverrunErrorCallbackRegister		CODE           	361A	0000	34
		_UART1_Initialize		CODE           	330A	0000	110
		_UART1_ParityErrorCallbackRegister		CODE           	35F8	0000	34

mcc_generated_files/uart/src/uart1.c estimated size: 290

C:\Program Files\Microchip\xc8\v2.50\pic\sources\c99\common\xxtofl.c
		___xxtofl      		CODE           	2C80	0000	436

C:\Program Files\Microchip\xc8\v2.50\pic\sources\c99\common\xxtofl.c estimated size: 436

mcc_generated_files/system/src/pins.c
		_PIN_MANAGER_Initialize		CODE           	326C	0000	158

mcc_generated_files/system/src/pins.c estimated size: 158

C:\Program Files\Microchip\xc8\v2.50\pic\sources\c99\common\nf_fputc.c
		_fputc         		CODE           	3032	0000	202

C:\Program Files\Microchip\xc8\v2.50\pic\sources\c99\common\nf_fputc.c estimated size: 202

shared
		__initialization		CODE           	353C	0000	38
		_UART1         		SMALLCONST     	2601	0000	72

shared estimated size: 110

C:\Program Files\Microchip\xc8\v2.50\pic\sources\c99\common\awdiv.c
		___awdiv       		CODE           	30FC	0000	194

C:\Program Files\Microchip\xc8\v2.50\pic\sources\c99\common\awdiv.c estimated size: 194

C:\Program Files\Microchip\xc8\v2.50\pic\sources\c99\common\fltol.c
		___fltol       		CODE           	2E34	0000	262

C:\Program Files\Microchip\xc8\v2.50\pic\sources\c99\common\fltol.c estimated size: 262

C:\Program Files\Microchip\xc8\v2.50\pic\sources\c99\common\doprnt.c
		_vfpfcnvrt     		CODE           	2A88	0000	504
		_vfprintf      		CODE           	33D6	0000	78

C:\Program Files\Microchip\xc8\v2.50\pic\sources\c99\common\doprnt.c estimated size: 582

mcc_generated_files/timer/src/tmr2.c
		_TMR2_Initialize		CODE           	3590	0000	36

mcc_generated_files/timer/src/tmr2.c estimated size: 36

mcc_generated_files/system/src/clock.c
		_CLOCK_Initialize		CODE           	367C	0000	20

mcc_generated_files/system/src/clock.c estimated size: 20

mcc_generated_files/pwm/src/ccp1.c
		_CCP1_LoadDutyValue		CODE           	34DE	0000	48
		_CCP1_Initialize		CODE           	3690	0000	20

mcc_generated_files/pwm/src/ccp1.c estimated size: 68

main.c
		_main          		CODE           	2F3A	0000	248

main.c estimated size: 248

mcc_generated_files/system/src/system.c
		_SYSTEM_Initialize		CODE           	35D6	0000	34

mcc_generated_files/system/src/system.c estimated size: 34

